[congo-hope-initiatives.local/index.html]
[backblue.gif]
[fade.gif]
[index.html]
[congo-hope-initiatives.local/wp-includes/js/jquery/jquery.minf43b.js]
[congo-hope-initiatives.local/comments/feed/index.html]
[congo-hope-initiatives.local/feed/index.html]
[congo-hope-initiatives.local/index.html]
[congo-hope-initiatives.local/wp-content/uploads/elementor/css/custom-frontend.min6d87.css]
[congo-hope-initiatives.local/wp-content/uploads/elementor/css/post-21986ca1.css]
[congo-hope-initiatives.local/wp-content/uploads/elementor/css/post-6466ca1.css]
[congo-hope-initiatives.local/wp-content/plugins/elementor/assets/css/widget-heading.min3dd9.css]
[congo-hope-initiatives.local/wp-content/plugins/elementor/assets/css/widget-divider.min3dd9.css]
[congo-hope-initiatives.local/wp-content/plugins/elementor/assets/css/widget-text-editor.min3dd9.css]
[congo-hope-initiatives.local/wp-content/plugins/elementor/assets/lib/animations/styles/e-animation-grow.min3dd9.css]
[congo-hope-initiatives.local/wp-content/plugins/elementor/assets/css/widget-social-icons.min3dd9.css]
[congo-hope-initiatives.local/wp-content/uploads/elementor/css/custom-apple-webkit.min6d87.css]
[congo-hope-initiatives.local/wp-content/uploads/elementor/css/custom-widget-icon-list.min6d87.css]
[congo-hope-initiatives.local/wp-content/uploads/elementor/css/post-6556ca1.css]
[congo-hope-initiatives.local/wp-content/themes/royal-elementor-kit/style5152.css]
[congo-hope-initiatives.local/wp-content/uploads/elementor/css/post-66ca1.css]
[congo-hope-initiatives.local/wp-content/plugins/elementor/assets/css/widget-spacer.min3dd9.css]
[congo-hope-initiatives.local/wp-content/uploads/elementor/css/custom-widget-image-box.min6d87.css]
[congo-hope-initiatives.local/wp-content/plugins/elementor/assets/css/widget-image.min3dd9.css]
[congo-hope-initiatives.local/wp-content/plugins/royal-elementor-addons/assets/css/lib/animations/wpr-animations.minb734.css]
[congo-hope-initiatives.local/wp-content/plugins/royal-elementor-addons/assets/css/lib/animations/wpr-link-animations.minb734.css]
[congo-hope-initiatives.local/wp-content/plugins/royal-elementor-addons/assets/css/lib/animations/loading-animations.minb734.css]
[congo-hope-initiatives.local/wp-content/plugins/royal-elementor-addons/assets/css/lib/animations/button-animations.minb734.css]
[congo-hope-initiatives.local/wp-content/plugins/royal-elementor-addons/assets/css/lib/animations/text-animations.minb734.css]
[congo-hope-initiatives.local/wp-json/index.html]
[congo-hope-initiatives.local/wp-content/plugins/royal-elementor-addons/assets/css/lib/lightgallery/lightgallery.minb734.css]
[congo-hope-initiatives.local/wp-content/plugins/royal-elementor-addons/assets/css/frontend.minb734.css]
[congo-hope-initiatives.local/wp-content/uploads/2024/01/CHI.webp]
[congo-hope-initiatives.local/wp-json/oembed/1.0/embed23af.json]
[congo-hope-initiatives.local/about/index.html]
[congo-hope-initiatives.local/wp-content/plugins/elementor/assets/lib/font-awesome/css/all.minb734.css]
[congo-hope-initiatives.local/wp-content/plugins/elementor/assets/lib/font-awesome/webfonts/fa-brands-400.woff2]
[congo-hope-initiatives.local/wp-content/uploads/2025/02/2148860393.webp]
[congo-hope-initiatives.local/wp-includes/js/jquery/jquery.minf43b.js]
[congo-hope-initiatives.local/blog/index.html]
[congo-hope-initiatives.local/wp-content/uploads/2025/02/pexels-safari-consoler-3290243-19263417.webp]
[congo-hope-initiatives.local/wp-includes/js/jquery/jquery-migrate.min5589.js]
[congo-hope-initiatives.local/wp-content/uploads/2024/02/Icon-2.png]
[congo-hope-initiatives.local/wp-content/uploads/2024/02/Icon-4.png]
[congo-hope-initiatives.local/contact/index.html]
[congo-hope-initiatives.local/wp-content/uploads/2023/12/service-1.png]
[congo-hope-initiatives.local/wp-content/uploads/2024/02/Icon-3.png]
[congo-hope-initiatives.local/wp-content/uploads/2023/12/service-4.png]
[congo-hope-initiatives.local/wp-content/uploads/2023/12/service-3.png]
[congo-hope-initiatives.local/wp-content/uploads/2023/12/service-2.png]
[congo-hope-initiatives.local/about/index.html]
[congo-hope-initiatives.local/wp-content/uploads/2025/02/boys-studying-1024x682.webp]
[congo-hope-initiatives.local/wp-content/uploads/2025/02/volunteers-delivery-1024x683.webp]
[congo-hope-initiatives.local/wp-content/uploads/2024/02/Icon-1.png]
[congo-hope-initiatives.local/blog/index.html]
[congo-hope-initiatives.local/wp-content/uploads/2024/02/Icon-5.png]
[congo-hope-initiatives.local/wp-content/uploads/2025/02/africans-dancing-in-village-1024x683.webp]
[congo-hope-initiatives.local/wp-content/uploads/2025/02/2148761582.webp]
[congo-hope-initiatives.local/contact/index.html]
[congo-hope-initiatives.local/contact]
[congo-hope-initiatives.local/wp-content/uploads/2023/12/playful-kids-learning.webp]
[congo-hope-initiatives.local/author/pmunyany/index.html]
[congo-hope-initiatives.local/tiny-scientists-on-the-loose-preschool-science-wonders/index.html]
[congo-hope-initiatives.local/abcs-and-123s-journeying-through-preschool-with-joy/index.html]
[congo-hope-initiatives.local/playful-learning-where-every-day-is-a-new-discovery/index.html]
[congo-hope-initiatives.local/tiny-scientists-on-the-loose-preschool-science-wonders/index.html]
[congo-hope-initiatives.local/author/pmunyany/index.html]
[congo-hope-initiatives.local/abcs-and-123s-journeying-through-preschool-with-joy/index.html]
[congo-hope-initiatives.local/wp-content/uploads/2023/12/pic-8.png]
[congo-hope-initiatives.local/wp-content/plugins/royal-elementor-addons/assets/css/lib/lightgallery/fonts/lgd641.eot]
[congo-hope-initiatives.local/wp-content/plugins/royal-elementor-addons/assets/css/lib/lightgallery/fonts/lgd41d.eot]
[congo-hope-initiatives.local/wp-content/plugins/royal-elementor-addons/assets/css/lib/lightgallery/fonts/lgd641.woff]
[congo-hope-initiatives.local/wp-content/plugins/royal-elementor-addons/assets/css/lib/lightgallery/fonts/lgd641.ttf]
[congo-hope-initiatives.local/playful-learning-where-every-day-is-a-new-discovery/index.html]
[congo-hope-initiatives.local/wp-includes/js/imagesloaded.minbb93.js]
[congo-hope-initiatives.local/wp-content/plugins/royal-elementor-addons/assets/js/lib/slick/slick.minc245.js]
[congo-hope-initiatives.local/wp-content/plugins/royal-elementor-addons/assets/css/lib/lightgallery/img/vimeo-play.html]
[congo-hope-initiatives.local/wp-content/plugins/royal-elementor-addons/assets/js/lib/isotope/isotope.min6173.js]
[congo-hope-initiatives.local/wp-content/plugins/royal-elementor-addons/assets/css/lib/lightgallery/img/video-play.html]
[congo-hope-initiatives.local/wp-content/plugins/royal-elementor-addons/assets/js/lib/lightgallery/lightgallery.mind203.js]
[congo-hope-initiatives.local/wp-content/plugins/royal-elementor-addons/assets/css/lib/lightgallery/img/loading.gif]
[congo-hope-initiatives.local/wp-content/plugins/elementor/assets/lib/font-awesome/webfonts/fa-brands-400.woff]
[congo-hope-initiatives.local/wp-content/plugins/elementor/assets/lib/font-awesome/webfonts/fa-brands-400d41d.eot]
[congo-hope-initiatives.local/wp-content/plugins/elementor/assets/lib/font-awesome/webfonts/fa-brands-400.ttf]
[congo-hope-initiatives.local/wp-content/plugins/royal-elementor-addons/assets/css/lib/lightgallery/img/youtube-play.html]
[congo-hope-initiatives.local/wp-content/plugins/royal-elementor-addons/assets/js/lib/perfect-scrollbar/perfect-scrollbar.min70b1.js]
[congo-hope-initiatives.local/wp-content/plugins/elementor/assets/lib/font-awesome/webfonts/fa-regular-400.eot]
[congo-hope-initiatives.local/wp-content/plugins/elementor/assets/lib/font-awesome/webfonts/fa-regular-400d41d.eot]
[congo-hope-initiatives.local/wp-content/plugins/elementor-pro/assets/js/webpack-pro.runtime.min3830.js]
[congo-hope-initiatives.local/wp-content/plugins/elementor/assets/lib/font-awesome/webfonts/fa-regular-400.woff2]
[congo-hope-initiatives.local/wp-content/plugins/elementor/assets/js/webpack.runtime.min3dd9.js]
[congo-hope-initiatives.local/wp-content/plugins/elementor/assets/lib/font-awesome/webfonts/fa-regular-400.woff]
[congo-hope-initiatives.local/wp-content/plugins/elementor/assets/js/frontend-modules.min3dd9.js]
[congo-hope-initiatives.local/wp-content/plugins/elementor/assets/lib/font-awesome/webfonts/fa-regular-400.ttf]
[congo-hope-initiatives.local/wp-includes/js/dist/hooks.min4fdd.js]
[congo-hope-initiatives.local/wp-includes/js/dist/i18n.minc33c.js]
[congo-hope-initiatives.local/wp-content/plugins/elementor/assets/lib/font-awesome/webfonts/fa-solid-900.eot]
[congo-hope-initiatives.local/wp-content/plugins/elementor-pro/assets/js/frontend.min3830.js]
[congo-hope-initiatives.local/wp-content/plugins/elementor/assets/lib/font-awesome/webfonts/fa-solid-900d41d.eot]
[congo-hope-initiatives.local/wp-includes/js/jquery/ui/core.minb37e.js]
[congo-hope-initiatives.local/wp-content/plugins/elementor/assets/lib/font-awesome/webfonts/fa-solid-900.woff2]
[congo-hope-initiatives.local/wp-content/plugins/elementor/assets/js/frontend.min3dd9.js]
[congo-hope-initiatives.local/wp-content/plugins/elementor/assets/lib/font-awesome/webfonts/fa-solid-900.woff]
[congo-hope-initiatives.local/wp-content/plugins/elementor-pro/assets/js/elements-handlers.min3830.js]
[congo-hope-initiatives.local/wp-content/plugins/elementor/assets/lib/font-awesome/webfonts/fa-solid-900.ttf]
[congo-hope-initiatives.local/wp-content/plugins/royal-elementor-addons/assets/js/frontend.minb734.js]
[congo-hope-initiatives.local/wp-content/plugins/royal-elementor-addons/assets/js/modal-popups.minb734.js]
[congo-hope-initiatives.local/wp-content/plugins/royal-elementor-addons/assets/css/lib/lightgallery/fonts/lgd641.svg]
[congo-hope-initiatives.local/xmlrpc0db0.php]
[congo-hope-initiatives.local/wp-json/wp/v2/pages/2198.json]
[congo-hope-initiatives.local/wp-content/plugins/royal-elementor-addons/assets/css/lib/lightgallery/img/vimeo-play.html]
[congo-hope-initiatives.local/wp-content/plugins/royal-elementor-addons/assets/css/lib/lightgallery/img/video-play.html]
[congo-hope-initiatives.local/wp-content/plugins/royal-elementor-addons/assets/css/lib/lightgallery/img/youtube-play.html]
[congo-hope-initiatives.local/wp-json/wp/v2/pages/2200.json]
[congo-hope-initiatives.local/wp-content/uploads/2025/02/family-happy-1024x682.webp]
[congo-hope-initiatives.local/wp-content/plugins/elementor/assets/lib/font-awesome/webfonts/fa-brands-400.svg]
[congo-hope-initiatives.local/wp-json/oembed/1.0/embedc073]
[congo-hope-initiatives.local/wp-json/oembed/1.0/embed758c.json]
[congo-hope-initiatives.local/wp-content/uploads/2025/02/kids-laughing-1024x682.webp]
[congo-hope-initiatives.local/wp-content/plugins/elementor/assets/lib/font-awesome/webfonts/fa-regular-400.svg]
[congo-hope-initiatives.local/wp-content/plugins/elementor/assets/lib/font-awesome/webfonts/fa-solid-900.svg]
[congo-hope-initiatives.local/wp-content/uploads/2024/02/Testimonial-3.jpg]
[congo-hope-initiatives.local/wp-content/uploads/2024/02/Testimonial-2.jpg]
[congo-hope-initiatives.local/wp-content/uploads/2024/02/Testimonial-1.jpg]
[congo-hope-initiatives.local/wp-content/uploads/2024/02/Team-1.jpg]
[congo-hope-initiatives.local/wp-content/uploads/elementor/css/post-1156e720.css]
[congo-hope-initiatives.local/wp-content/uploads/2024/02/Team-3.jpg]
[congo-hope-initiatives.local/wp-content/plugins/elementor/assets/css/widget-counter.min3dd9.css]
[congo-hope-initiatives.local/wp-content/uploads/2024/02/Team-2.jpg]
[congo-hope-initiatives.local/index3227.html]
[congo-hope-initiatives.local/wp-content/uploads/2024/02/Team-4.jpg]
[congo-hope-initiatives.local/wp-content/plugins/elementor/assets/lib/jquery-numerator/jquery-numerator.min3958.js]
[congo-hope-initiatives.local/wp-content/uploads/elementor/css/post-313be17.css]
[congo-hope-initiatives.local/wp-content/uploads/2025/02/mom-and-baby-touch.webp]
[congo-hope-initiatives.local/wp-content/uploads/elementor/css/post-1114e720.css]
[congo-hope-initiatives.local/category/adventures/index.html]
[congo-hope-initiatives.local/wp-content/uploads/elementor/thumbs/2148761582-r0xt35okiy7g14h3400iny2kb3h0uxv0a9t8trbm3k.webp]
[congo-hope-initiatives.local/category/creations/index.html]
[congo-hope-initiatives.local/wp-content/uploads/elementor/thumbs/kids-laughing-r1xx3imrckdcxgc9vpois1e3yugg1k1mqjo22vynq8.webp]
[congo-hope-initiatives.local/wp-content/uploads/elementor/thumbs/playful-kids-learning-r1y4ariaal9d1prr29v8z49u5mnw0a8i1p4439kpls.webp]
[congo-hope-initiatives.local/category/learning/index.html]
[congo-hope-initiatives.local/category/adventures/index.html]
[congo-hope-initiatives.local/category/stories/index.html]
[congo-hope-initiatives.local/tag/african-chronicles/index.html]
[congo-hope-initiatives.local/tag/celebrations/index.html]
[congo-hope-initiatives.local/tag/adventures/index.html]
[congo-hope-initiatives.local/category/creations/index.html]
[congo-hope-initiatives.local/tag/tiny-scientists/index.html]
[congo-hope-initiatives.local/wp-json/wp/v2/pages/25.json]
[congo-hope-initiatives.local/wp-json/oembed/1.0/embedf235.json]
[congo-hope-initiatives.local/category/learning/index.html]
[congo-hope-initiatives.local/wp-content/uploads/2025/02/man-with-phone-1024x682.webp]
[congo-hope-initiatives.local/wp-content/uploads/2024/02/Stuff-1.jpg]
[congo-hope-initiatives.local/wp-json/oembed/1.0/embed9ebb]
[congo-hope-initiatives.local/category/stories/index.html]
[congo-hope-initiatives.local/wp-content/uploads/2024/02/Stuff-3.jpg]
[congo-hope-initiatives.local/wp-content/uploads/2024/02/Stuff-5.jpg]
[congo-hope-initiatives.local/tag/adventures/index.html]
[congo-hope-initiatives.local/wp-content/uploads/2024/02/Stuff-2.jpg]
[congo-hope-initiatives.local/wp-content/uploads/2024/02/Stuff-4.jpg]
[congo-hope-initiatives.local/tag/african-chronicles/index.html]
[congo-hope-initiatives.local/wp-content/uploads/2024/02/Stuff-6.jpg]
[congo-hope-initiatives.local/wp-content/uploads/2024/02/Stuff-7.jpg]
[congo-hope-initiatives.local/tag/celebrations/index.html]
[congo-hope-initiatives.local/wp-content/uploads/2024/02/Stuff-8.jpg]
[congo-hope-initiatives.local/tag/tiny-scientists/index.html]
[congo-hope-initiatives.local/tiny-scientists-on-the-loose-preschool-science-wonders/feed/index.html]
[congo-hope-initiatives.local/wp-json/oembed/1.0/embed29f7.json]
[congo-hope-initiatives.local/wp-json/wp/v2/posts/313.json]
[congo-hope-initiatives.local/index970c.html]
[congo-hope-initiatives.local/2023/12/26/index.html]
[congo-hope-initiatives.local/wp-json/oembed/1.0/embed6e38]
[congo-hope-initiatives.local/wp-content/uploads/elementor/css/post-2179f58c.css]
[congo-hope-initiatives.local/wp-content/uploads/2025/02/kids-laughing.webp]
[congo-hope-initiatives.local/wp-json/wp/v2/users/1.json]
[congo-hope-initiatives.local/index8c55.html]
[congo-hope-initiatives.local/author/pmunyany/feed/index.html]
[congo-hope-initiatives.local/abcs-and-123s-journeying-through-preschool-with-joy/feed/index.html]
[congo-hope-initiatives.local/2023/12/26/index.html]
[congo-hope-initiatives.local/wp-json/wp/v2/posts/312.json]
[congo-hope-initiatives.local/wp-json/oembed/1.0/embed09ad.json]
[congo-hope-initiatives.local/wp-json/oembed/1.0/embed3b6d]
[congo-hope-initiatives.local/playful-learning-where-every-day-is-a-new-discovery/feed/index.html]
[congo-hope-initiatives.local/wp-json/wp/v2/posts/311.json]
[congo-hope-initiatives.local/wp-json/oembed/1.0/embeddaf6.json]
[congo-hope-initiatives.local/wp-json/oembed/1.0/embed537d]
[congo-hope-initiatives.local/GET.html]
[congo-hope-initiatives.local/-negative.html]
[congo-hope-initiatives.local/OPR/index.html]
[congo-hope-initiatives.local/window.location.html]
[congo-hope-initiatives.local/r.html]
[congo-hope-initiatives.local/wp-content/plugins/elementor/assets/lib/font-awesome/webfonts/fa-brands-400.eot]
[www.google.com/recaptcha/api3398.js]
[connect.facebook.net/en_US/sdk.js]
[congo-hope-initiatives.local/wp-json/oembed/1.0/embed798f]
[congo-hope-initiatives.local/wp-content/uploads/2025/02/kids-studying.webp]
[congo-hope-initiatives.local/category/adventures/feed/index.html]
[congo-hope-initiatives.local/wp-json/wp/v2/categories/23.json]
[congo-hope-initiatives.local/category/creations/feed/index.html]
[congo-hope-initiatives.local/wp-json/wp/v2/categories/24.json]
[congo-hope-initiatives.local/category/learning/feed/index.html]
[congo-hope-initiatives.local/wp-json/wp/v2/categories/25.json]
[congo-hope-initiatives.local/category/stories/feed/index.html]
[congo-hope-initiatives.local/wp-json/wp/v2/categories/26.json]
[congo-hope-initiatives.local/tag/adventures/feed/index.html]
[congo-hope-initiatives.local/wp-json/wp/v2/tags/27.json]
[congo-hope-initiatives.local/tag/african-chronicles/feed/index.html]
[congo-hope-initiatives.local/wp-json/wp/v2/tags/29.json]
[congo-hope-initiatives.local/tag/celebrations/feed/index.html]
[congo-hope-initiatives.local/wp-json/wp/v2/tags/28.json]
[congo-hope-initiatives.local/tag/playful-learning/index.html]
[congo-hope-initiatives.local/tag/tiny-scientists/feed/index.html]
[congo-hope-initiatives.local/wp-json/wp/v2/tags/33.json]
[congo-hope-initiatives.local/wp-content/uploads/2024/01/pic-2.jpg]
[demosites.royal-elementor-addons.com/school-v1/wp-content/uploads/sites/102/2023/12/home-1-300x154.jpg]
[congo-hope-initiatives.local/wp-includes/js/comment-reply.mind1c0.js]
[congo-hope-initiatives.local/wp-content/uploads/elementor/css/post-312be17.css]
[congo-hope-initiatives.local/index8844.html]
[congo-hope-initiatives.local/wp-content/uploads/elementor/css/post-3119c1e.css]
[congo-hope-initiatives.local/index2e31.html]
[congo-hope-initiatives.local/GET.html]
[congo-hope-initiatives.local/-negative.html]
[congo-hope-initiatives.local/OPR/index.html]
[congo-hope-initiatives.local/window.location.html]
[congo-hope-initiatives.local/r.html]
[connect.facebook.net/en_US/sdk.js]
[congo-hope-initiatives.local/wp-content/uploads/elementor/css/post-2200e720.css]
[congo-hope-initiatives.local/wp-content/uploads/elementor/css/post-11396ac6.css]
[congo-hope-initiatives.local/tag/playful-learning/index.html]
[congo-hope-initiatives.local/wp-content/uploads/elementor/css/post-1032e720.css]
[congo-hope-initiatives.local/wp-content/uploads/elementor/css/post-25e720.css]
[congo-hope-initiatives.local/blog]
[congo-hope-initiatives.local/wp-json/wp/v2/tags/31.json]
[congo-hope-initiatives.local/tag/playful-learning/feed/index.html]
